<html>
<body>
<pre>
<h1>µVision Build Log</h1>
<h2>Tool Versions:</h2>
IDE-Version: ¦ÌVision V5.24.2.0
Copyright (C) 2017 ARM Ltd and ARM Germany GmbH. All rights reserved.
License Information: 1 1, 11, LIC=YA39H-WF1VY-EVA1R-KQUB2-G89H8-2XFF7
 
Tool Versions:
Toolchain:       MDK-ARM Plus  Version: 5.24.1
Toolchain Path:  E:\AppDownload\keil5\ARM\ARMCC\Bin
C Compiler:      Armcc.exe V5.06 update 5 (build 528)
Assembler:       Armasm.exe V5.06 update 5 (build 528)
Linker/Locator:  ArmLink.exe V5.06 update 5 (build 528)
Library Manager: ArmAr.exe V5.06 update 5 (build 528)
Hex Converter:   FromElf.exe V5.06 update 5 (build 528)
CPU DLL:         SARMCM3.DLL V5.24.1
Dialog DLL:      DCM.DLL V1.16.0.0
Target DLL:      CMSIS_AGDI.dll V1.28.3.0
Dialog DLL:      TCM.DLL V1.32.0.0
 
<h2>Project:</h2>
D:\FreeRTOS\Modbus_Project\STM32F4xx_BL\MDK-ARM\STM32F4xx_BL.uvprojx
Project File Date:  03/17/2026

<h2>Output:</h2>
*** Using Compiler 'V5.06 update 5 (build 528)', folder: 'E:\AppDownload\keil5\ARM\ARMCC\Bin'
Rebuild target 'STM32F4xx_BL'
assembling startup_stm32f411xe.s...
compiling spi.c...
compiling stm32f4xx_hal_msp.c...
compiling usart.c...
compiling stm32f4xx_it.c...
compiling gpio.c...
compiling tim.c...
compiling dma.c...
compiling crc.c...
compiling main.c...
compiling stm32f4xx_hal_crc.c...
compiling stm32f4xx_hal_rcc.c...
compiling stm32f4xx_hal_rcc_ex.c...
compiling stm32f4xx_hal_gpio.c...
compiling stm32f4xx_hal_flash_ex.c...
compiling stm32f4xx_hal_cortex.c...
compiling stm32f4xx_hal_flash.c...
compiling stm32f4xx_hal_pwr_ex.c...
compiling stm32f4xx_hal_flash_ramfunc.c...
compiling stm32f4xx_hal_pwr.c...
compiling stm32f4xx_hal_dma.c...
compiling stm32f4xx_hal_exti.c...
compiling stm32f4xx_hal.c...
compiling stm32f4xx_hal_dma_ex.c...
compiling stm32f4xx_hal_spi.c...
compiling bl_jump.c...
compiling system_stm32f4xx.c...
compiling w25q64.c...
..\BootLoard\w25q64.c(160): warning:  #177-D: function "W25Q64_SPI_DMA_Receive"  was declared but never referenced
  static void W25Q64_SPI_DMA_Receive(uint8_t *rxdata, uint16_t len)
..\BootLoard\w25q64.c: 1 warning, 0 errors
compiling ymodem.c...
..\BootLoard\ymodem.c(70): warning:  #550-D: variable "flashdestination"  was set but never used
      uint32_t flashdestination, ramsource;
..\BootLoard\ymodem.c(70): warning:  #550-D: variable "ramsource"  was set but never used
      uint32_t flashdestination, ramsource;
..\BootLoard\ymodem.c: 2 warnings, 0 errors
compiling stm32f4xx_hal_tim_ex.c...
compiling stm32f4xx_hal_uart.c...
compiling stm32f4xx_hal_tim.c...
linking...
Program Size: Code=8460 RO-data=472 RW-data=32 ZI-data=5704  
FromELF: creating hex file...
"STM32F4xx_BL\STM32F4xx_BL.axf" - 0 Error(s), 3 Warning(s).

<h2>Software Packages used:</h2>

Package Vendor: ARM
                http://www.keil.com/pack/ARM.CMSIS.5.0.1.pack
                ARM.CMSIS.5.0.1
                CMSIS (Cortex Microcontroller Software Interface Standard)
   * Component: CORE Version: 5.0.1

Package Vendor: Keil
                http://www.keil.com/pack/Keil.STM32F4xx_DFP.2.2.0.pack
                Keil.STM32F4xx_DFP.2.2.0
                STMicroelectronics STM32F4 Series Device Support, Drivers and Examples

<h2>Collection of Component include folders:</h2>
  .\RTE\_STM32F4xx_BL
  E:\AppDownload\keil5\ARM\PACK\ARM\CMSIS\5.0.1\CMSIS\Include
  E:\AppDownload\keil5\ARM\PACK\Keil\STM32F4xx_DFP\2.2.0\Drivers\CMSIS\Device\ST\STM32F4xx\Include

<h2>Collection of Component Files used:</h2>

   * Component: ARM::CMSIS:CORE:5.0.1
Build Time Elapsed:  00:00:06
</pre>
</body>
</html>
